# *** WARNING: GENERATED FILE ***
# This file is automatically updated and rewritten in sorted order every time
# the app runs in dev mode. You may manually add or remove files, but don't
# expect comments or ordering to be retained.
bin/bash
etc/ld.so.cache
etc/locale.alias
etc/localtime
lib/x86_64-linux-gnu/ld-2.24.so
lib/x86_64-linux-gnu/libc-2.24.so
lib/x86_64-linux-gnu/libc.so.6
lib64/ld-linux-x86-64.so.2
opt/app-venv/lib/python3.9/site-packages/django
opt/app-venv/lib/python3.9/site-packages/django/__init__.py
opt/app-venv/lib/python3.9/site-packages/django/__pycache__/__init__.cpython-39.pyc
opt/app-venv/lib/python3.9/site-packages/django/__pycache__/shortcuts.cpython-39.pyc
opt/app-venv/lib/python3.9/site-packages/django/shortcuts.py
opt/app/django-app
opt/app/django-app/my_app
opt/app/django-app/my_app/__init__.py
opt/app/django-app/my_app/__pycache__/__init__.cpython-39.pyc
opt/app/django-app/my_app/__pycache__/admin.cpython-39.pyc
opt/app/django-app/my_app/__pycache__/apps.cpython-39.pyc
opt/app/django-app/my_app/__pycache__/constants.cpython-39.pyc
opt/app/django-app/my_app/__pycache__/urls.cpython-39.pyc
opt/app/django-app/my_app/__pycache__/views.cpython-39.pyc
opt/app/django-app/my_app/admin.py
opt/app/django-app/my_app/apps.py
opt/app/django-app/my_app/constants.py
opt/app/django-app/my_app/migrations
opt/app/django-app/my_app/migrations/0001_initial.py
opt/app/django-app/my_app/migrations/__init__.py
opt/app/django-app/my_app/migrations/__pycache__
opt/app/django-app/my_app/migrations/__pycache__/0001_initial.cpython-39.pyc
opt/app/django-app/my_app/migrations/__pycache__/__init__.cpython-39.pyc
opt/app/django-app/my_app/urls.py
opt/app/django-app/my_app/views.py
opt/app/django-project
opt/app/django-project/django_project
opt/app/django-project/django_project/__init__.py
opt/app/django-project/django_project/__pycache__/__init__.cpython-39.pyc
opt/app/django-project/django_project/__pycache__/settings.cpython-39.pyc
opt/app/django-project/django_project/__pycache__/urls.cpython-39.pyc
opt/app/django-project/django_project/__pycache__/wsgi.cpython-39.pyc
opt/app/django-project/django_project/settings.py
opt/app/django-project/django_project/urls.py
opt/app/django-project/django_project/wsgi.py
opt/app/django-project/manage.py
opt/python3.9/lib/libpython3.9.so.1.0
opt/python3.9/lib/libpython3.so
opt/python3.9/lib/pkgconfig/python-3.9-embed.pc
opt/python3.9/lib/pkgconfig/python-3.9.pc
opt/python3.9/lib/python3.9
opt/python3.9/lib/python3.9/LICENSE.txt
opt/python3.9/lib/python3.9/__future__.py
opt/python3.9/lib/python3.9/__phello__.foo.py
opt/python3.9/lib/python3.9/__pycache__/_bootlocale.cpython-39.pyc
opt/python3.9/lib/python3.9/__pycache__/_collections_abc.cpython-39.pyc
opt/python3.9/lib/python3.9/__pycache__/_compat_pickle.cpython-39.pyc
opt/python3.9/lib/python3.9/_bootlocale.py
opt/python3.9/lib/python3.9/_collections_abc.py
opt/python3.9/lib/python3.9/_compat_pickle.py
opt/python3.9/lib/python3.9/encodings
opt/python3.9/lib/python3.9/encodings/__init__.py
opt/python3.9/lib/python3.9/encodings/__pycache__/__init__.cpython-39.pyc
opt/python3.9/lib/python3.9/encodings/__pycache__/aliases.cpython-39.pyc
opt/python3.9/lib/python3.9/encodings/__pycache__/latin_1.cpython-39.pyc
opt/python3.9/lib/python3.9/encodings/__pycache__/utf_8.cpython-39.pyc
opt/python3.9/lib/python3.9/encodings/aliases.py
opt/python3.9/lib/python3.9/encodings/latin_1.py
opt/python3.9/lib/python3.9/encodings/utf_8.py
proc/cpuinfo
sandstorm-http-bridge
sandstorm-http-bridge-config
sandstorm-manifest
usr/bin/locale
usr/lib/locale
usr/lib/locale/C.UTF-8/LC_CTYPE
usr/lib/locale/locale-archive
usr/share/locale/locale.alias
usr/share/zoneinfo
usr/share/zoneinfo/Etc
usr/share/zoneinfo/Etc/GMT+0
usr/share/zoneinfo/GMT
usr/share/zoneinfo/UCT
usr/share/zoneinfo/UTC
